// Jest Snapshot v1, https://goo.gl/fbAQLP

exports[`Search component renders Search 1`] = `
<DocumentFragment>
  <h1>
    News Search
  </h1>
  <input
    placeholder="search here"
    value=""
  />
</DocumentFragment>
`;
